{"libs":{"test_lib":{"test.js":"file"}},"require_config.js":"file"}