{"tasks":{"spec":{"fixtures":{"libs":{"test_lib":{"test.js":1}}}}}}