{
   "laxar-artifacts": {
      "my-flow": {
         "src": "application/flow/flow.json",
         "dest": "var/flows"
      }
   },
   "laxar-build-flow": {
      "options": {
         "userTasks": []
      },
      "my-flow": {
         "src": "var/flows",
         "options": {
            "flow": {
               "target": "my-flow",
               "src": "application/flow/flow.json"
            },
            "testDirectory": "var/tests"
         }
      }
   },
   "laxar-merge-require-config": {
      "my-flow": {
         "src": "var/flows",
         "options": {
            "flow": {
               "target": "my-flow",
               "src": "application/flow/flow.json"
            },
            "testDirectory": "var/tests"
         }
      }
   },
   "laxar-resources": {
      "my-flow": {
         "src": "var/flows",
         "options": {
            "flow": {
               "target": "my-flow",
               "src": "application/flow/flow.json"
            },
            "testDirectory": "var/tests"
         }
      }
   },
   "laxar-dependencies": {
      "my-flow": {
         "src": "var/flows",
         "options": {
            "flow": {
               "target": "my-flow",
               "src": "application/flow/flow.json"
            },
            "testDirectory": "var/tests"
         }
      }
   },
   "laxar-configure-watch": {
      "my-flow": {
         "src": "var/flows",
         "options": {
            "flow": {
               "target": "my-flow",
               "src": "application/flow/flow.json"
            },
            "testDirectory": "var/tests"
         }
      }
   },
   "laxar-dist-flow": {
      "options": {
         "userTasks": []
      },
      "my-flow": {
         "src": "var/flows",
         "options": {
            "flow": {
               "target": "my-flow",
               "src": "application/flow/flow.json"
            },
            "testDirectory": "var/tests"
         }
      }
   },
   "laxar-dist-css": {
      "my-flow": {
         "src": "var/flows",
         "options": {
            "flow": {
               "target": "my-flow",
               "src": "application/flow/flow.json"
            },
            "testDirectory": "var/tests"
         }
      }
   },
   "laxar-dist-js": {
      "my-flow": {
         "src": "var/flows",
         "options": {
            "flow": {
               "target": "my-flow",
               "src": "application/flow/flow.json"
            },
            "testDirectory": "var/tests"
         }
      }
   },
   "laxar-test-flow": {
      "options": {
         "userTasks": []
      },
      "my-flow": {
         "src": "var/flows",
         "options": {
            "flow": {
               "target": "my-flow",
               "src": "application/flow/flow.json"
            },
            "testDirectory": "var/tests"
         }
      }
   },
   "laxar-test-configure-flow": {
      "my-flow": {
         "src": "var/flows",
         "options": {
            "flow": {
               "target": "my-flow",
               "src": "application/flow/flow.json"
            },
            "testDirectory": "var/tests"
         }
      }
   }
}
