{
   "watch": {
      "my-flow-reload": {
         "files": [
            "application/flow/flow.json",
            "bower_components/laxar-uikit/dist/themes/default.theme/css/theme.css",
            "themes/test.theme/css/theme.css",
            "themes/test2.theme/css/theme.css",
            "application/pages/start.json",
            "themes/test2.theme/layouts/example/css/example.css",
            "themes/test.theme/layouts/example/css/example.css",
            "application/layouts/example/test.theme/css/example.css",
            "application/layouts/example/test2.theme/css/example.css",
            "application/layouts/example/default.theme/css/example.css",
            "themes/test2.theme/layouts/start/css/start.css",
            "themes/test.theme/layouts/start/css/start.css",
            "application/layouts/start/test.theme/css/start.css",
            "application/layouts/start/test2.theme/css/start.css",
            "application/layouts/start/default.theme/css/start.css",
            "themes/test2.theme/widgets/default/local_widget/local_widget.html",
            "themes/test2.theme/widgets/default/local_widget/css/local_widget.css",
            "themes/test.theme/widgets/default/local_widget/local_widget.html",
            "themes/test.theme/widgets/default/local_widget/css/local_widget.css",
            "widgets/default/local_widget/widget.json",
            "widgets/default/local_widget/default.theme/local_widget.html",
            "widgets/default/local_widget/test.theme/local_widget.html",
            "widgets/default/local_widget/test2.theme/local_widget.html",
            "widgets/default/local_widget/default.theme/css/local_widget.css",
            "widgets/default/local_widget/test.theme/css/local_widget.css",
            "widgets/default/local_widget/test2.theme/css/local_widget.css",
            "widgets/default/local_widget/local_widget.js",
            "themes/test2.theme/widgets/default/plain_widget/plain_widget.html",
            "themes/test2.theme/widgets/default/plain_widget/css/plain_widget.css",
            "themes/test.theme/widgets/default/plain_widget/plain_widget.html",
            "themes/test.theme/widgets/default/plain_widget/css/plain_widget.css",
            "widgets/default/plain_widget/widget.json",
            "widgets/default/plain_widget/default.theme/plain_widget.html",
            "widgets/default/plain_widget/test.theme/plain_widget.html",
            "widgets/default/plain_widget/test2.theme/plain_widget.html",
            "widgets/default/plain_widget/default.theme/css/plain_widget.css",
            "widgets/default/plain_widget/test.theme/css/plain_widget.css",
            "widgets/default/plain_widget/test2.theme/css/plain_widget.css",
            "widgets/default/plain_widget/plain_widget.js",
            "themes/test2.theme/widgets/default/test_widget/test_widget.html",
            "themes/test2.theme/widgets/default/test_widget/css/test_widget.css",
            "themes/test.theme/widgets/default/test_widget/test_widget.html",
            "themes/test.theme/widgets/default/test_widget/css/test_widget.css",
            "widgets/default/test_widget/widget.json",
            "widgets/default/test_widget/default.theme/test_widget.html",
            "widgets/default/test_widget/test.theme/test_widget.html",
            "widgets/default/test_widget/test2.theme/test_widget.html",
            "widgets/default/test_widget/data.json",
            "widgets/default/test_widget/default.theme/css/test_widget.css",
            "widgets/default/test_widget/test.theme/css/test_widget.css",
            "widgets/default/test_widget/test2.theme/css/test_widget.css",
            "widgets/default/test_widget/messages-en.json",
            "widgets/default/test_widget/messages-de.json",
            "widgets/default/test_widget/test_widget.js",
            "widgets/default/test_widget/*.js",
            "themes/test2.theme/controls/laxar-path-controls/ax-old-style-control/ax-old-style-control/css/ax-old-style-control.css",
            "themes/test.theme/controls/laxar-path-controls/ax-old-style-control/ax-old-style-control/css/ax-old-style-control.css",
            "controls/ax-old-style-control/ax-old-style-control/default.theme/css/ax-old-style-control.css",
            "controls/ax-old-style-control/ax-old-style-control/test.theme/css/ax-old-style-control.css",
            "controls/ax-old-style-control/ax-old-style-control/test2.theme/css/ax-old-style-control.css",
            "controls/ax-old-style-control/ax-old-style-control/ax-old-style-control.js",
            "themes/test2.theme/controls/laxar-path-controls/ax-test-control/css/ax-new-style-control.css",
            "themes/test.theme/controls/laxar-path-controls/ax-test-control/css/ax-new-style-control.css",
            "controls/ax-test-control/default.theme/css/ax-new-style-control.css",
            "controls/ax-test-control/test.theme/css/ax-new-style-control.css",
            "controls/ax-test-control/test2.theme/css/ax-new-style-control.css",
            "controls/ax-test-control/ax-new-style-control.js"
         ],
         "event": [
            "changed"
         ]
      },
      "my-flow-update": {
         "files": [
            "application/flow/*",
            "bower_components/laxar-uikit/dist/themes/default.theme/css/*",
            "themes/test.theme/css/*",
            "themes/test2.theme/css/*",
            "application/pages/*",
            "themes/test2.theme/layouts/example/css/*",
            "themes/test.theme/layouts/example/css/*",
            "application/layouts/example/test.theme/css/*",
            "application/layouts/example/test2.theme/css/*",
            "application/layouts/example/default.theme/css/*",
            "themes/test2.theme/layouts/start/css/*",
            "themes/test.theme/layouts/start/css/*",
            "application/layouts/start/test.theme/css/*",
            "application/layouts/start/test2.theme/css/*",
            "application/layouts/start/default.theme/css/*",
            "themes/test2.theme/widgets/default/local_widget/*",
            "themes/test2.theme/widgets/default/local_widget/css/*",
            "themes/test.theme/widgets/default/local_widget/*",
            "themes/test.theme/widgets/default/local_widget/css/*",
            "widgets/default/local_widget/*",
            "widgets/default/local_widget/default.theme/*",
            "widgets/default/local_widget/test.theme/*",
            "widgets/default/local_widget/test2.theme/*",
            "widgets/default/local_widget/default.theme/css/*",
            "widgets/default/local_widget/test.theme/css/*",
            "widgets/default/local_widget/test2.theme/css/*",
            "themes/test2.theme/widgets/default/plain_widget/*",
            "themes/test2.theme/widgets/default/plain_widget/css/*",
            "themes/test.theme/widgets/default/plain_widget/*",
            "themes/test.theme/widgets/default/plain_widget/css/*",
            "widgets/default/plain_widget/*",
            "widgets/default/plain_widget/default.theme/*",
            "widgets/default/plain_widget/test.theme/*",
            "widgets/default/plain_widget/test2.theme/*",
            "widgets/default/plain_widget/default.theme/css/*",
            "widgets/default/plain_widget/test.theme/css/*",
            "widgets/default/plain_widget/test2.theme/css/*",
            "themes/test2.theme/widgets/default/test_widget/*",
            "themes/test2.theme/widgets/default/test_widget/css/*",
            "themes/test.theme/widgets/default/test_widget/*",
            "themes/test.theme/widgets/default/test_widget/css/*",
            "widgets/default/test_widget/*",
            "widgets/default/test_widget/default.theme/*",
            "widgets/default/test_widget/test.theme/*",
            "widgets/default/test_widget/test2.theme/*",
            "widgets/default/test_widget/default.theme/css/*",
            "widgets/default/test_widget/test.theme/css/*",
            "widgets/default/test_widget/test2.theme/css/*",
            "themes/test2.theme/controls/laxar-path-controls/ax-old-style-control/ax-old-style-control/css/*",
            "themes/test.theme/controls/laxar-path-controls/ax-old-style-control/ax-old-style-control/css/*",
            "controls/ax-old-style-control/ax-old-style-control/default.theme/css/*",
            "controls/ax-old-style-control/ax-old-style-control/test.theme/css/*",
            "controls/ax-old-style-control/ax-old-style-control/test2.theme/css/*",
            "controls/ax-old-style-control/ax-old-style-control/*",
            "themes/test2.theme/controls/laxar-path-controls/ax-test-control/css/*",
            "themes/test.theme/controls/laxar-path-controls/ax-test-control/css/*",
            "controls/ax-test-control/default.theme/css/*",
            "controls/ax-test-control/test.theme/css/*",
            "controls/ax-test-control/test2.theme/css/*",
            "controls/ax-test-control/*"
         ],
         "event": [
            "changed"
         ],
         "tasks": [
            "laxar-resources:my-flow"
         ],
         "options": {
            "event": [
               "added",
               "deleted"
            ],
            "spawn": false
         }
      },
      "my-flow-rebuild": {
         "files": [
            "application/flow/flow.json",
            "application/pages/start.json"
         ],
         "tasks": [
            "laxar-build:my-flow"
         ],
         "options": {
            "spawn": false
         }
      },
      "my-flow-merge-require-config": {
         "files": [
            "widgets/default/local_widget/require_config.js",
            "widgets/default/plain_widget/require_config.js",
            "widgets/default/test_widget/require_config.js",
            "controls/ax-old-style-control/ax-old-style-control/require_config.js",
            "controls/ax-test-control/require_config.js",
            "require_config.js"
         ],
         "event": [
            "changed"
         ],
         "tasks": [
            "laxar-merge-require-config:my-flow"
         ],
         "options": {
            "spawn": false
         }
      }
   }
}
